// Jest Snapshot v1, https://goo.gl/fbAQLP

exports[`ArtistPopUp Has expected snapshot output 1`] = `
.c0 {
  visibility: hidden;
  position: absolute;
  background-color: #fff;
  width: auto;
  min-width: 135px;
  min-height: 199px;
  border-radius: 4px;
  padding: 10px;
  border: 1px solid #ccc;
  box-shadow: 0 2px 10px rgba(0,0,0,.1);
  text-align: center;
  z-index: 1;
}

<div
  className="c0"
/>
`;
