// Jest Snapshot v1, https://goo.gl/fbAQLP

exports[`RelatedTrackList Has expected snapshot output 1`] = `
<StyledComponent
  forwardedComponent={
    Object {
      "$$typeof": Symbol(react.forward_ref),
      "attrs": Array [],
      "componentStyle": ComponentStyle {
        "componentId": "sc-bdVaJa",
        "isStatic": true,
        "rules": Array [
          "
  padding: 0;
  margin: 0;
  display: block;
  list-style: none;
  text-align: left;
",
        ],
      },
      "displayName": "styled.ul",
      "foldedComponentIds": Array [],
      "render": [Function],
      "styledComponentId": "sc-bdVaJa",
      "target": "ul",
      "toString": [Function],
      "warnTooManyClasses": [Function],
      "withComponent": [Function],
    }
  }
  forwardedRef={null}
/>
`;
