// Jest Snapshot v1, https://goo.gl/fbAQLP

exports[`TrackInfo Has expected snapshot output 1`] = `
<styled.div>
  <TrackButtons />
  <div>
    <ArtistAnchorEl
      track={
        Object {
          "artistName": "The Dude",
          "trackName": "Knockin' on Heaven's Door",
        }
      }
    />
  </div>
  <div>
    <Styled(styled.div)
      as="a"
      href=""
    >
      Knockin' on Heaven's Door
    </Styled(styled.div)>
  </div>
  <TrackInteractions
    track={
      Object {
        "artistName": "The Dude",
        "trackName": "Knockin' on Heaven's Door",
      }
    }
  />
</styled.div>
`;
